../Core/Src/main.c:84:7:getFilteredCurrent	32	static
../Core/Src/main.c:97:7:getFilteredVoltage	16	static
../Core/Src/main.c:130:5:main	24	static
../Core/Src/main.c:217:6:SystemClock_Config	88	static
../Core/Src/main.c:265:13:MX_ADC1_Init	24	static
../Core/Src/main.c:317:13:MX_ADC2_Init	24	static
../Core/Src/main.c:369:13:MX_I2C1_Init	8	static
../Core/Src/main.c:403:13:MX_USART2_UART_Init	8	static
../Core/Src/main.c:436:13:MX_GPIO_Init	40	static
../Core/Src/main.c:469:6:Error_Handler	4	static,ignoring_inline_asm
